// Jest Snapshot v1, https://goo.gl/fbAQLP

exports[`signUpWithEmail() 1`] = `
Object {
  "app_metadata": Object {
    "provider": "email",
  },
  "aud": Any<String>,
  "confirmation_sent_at": Any<String>,
  "created_at": Any<String>,
  "email": Any<String>,
  "id": Any<String>,
  "role": "",
  "updated_at": Any<String>,
  "user_metadata": null,
}
`;
