// Jest Snapshot v1, https://goo.gl/fbAQLP

exports[`signUp() 1`] = `
Object {
  "app_metadata": Object {
    "provider": "email",
  },
  "aud": Any<String>,
  "confirmation_sent_at": "2021-02-09T06:44:07.3034752Z",
  "created_at": Any<String>,
  "email": "fake@email.com",
  "id": Any<String>,
  "role": "",
  "updated_at": Any<String>,
  "user_metadata": null,
}
`;
