// Jest Snapshot v1, https://goo.gl/fbAQLP

exports[`signIn() with Provider 1`] = `"http://localhost:9999/authorize?provider=google"`;

exports[`signIn() with Provider 2`] = `"google"`;

exports[`signIn() with Provider can append a redirectUrl  1`] = `"http://localhost:9999/authorize?provider=google&redirect_to=https%3A%2F%2Flocalhost%3A9000%2Fwelcome"`;

exports[`signIn() with Provider can append a redirectUrl  2`] = `"google"`;

exports[`signIn() with Provider can append multiple options 1`] = `"http://localhost:9999/authorize?provider=github&redirect_to=https%3A%2F%2Flocalhost%3A9000%2Fwelcome&scopes=repo"`;

exports[`signIn() with Provider can append multiple options 2`] = `"github"`;

exports[`signIn() with Provider can append scopes 1`] = `"http://localhost:9999/authorize?provider=github&scopes=repo"`;

exports[`signIn() with Provider can append scopes 2`] = `"github"`;
