// Jest Snapshot v1, https://goo.gl/fbAQLP

exports[`Developers can subscribe and unsubscribe Subscribe a listener 1`] = `1`;

exports[`Developers can subscribe and unsubscribe Unsubscribe a listener 1`] = `0`;
